<script>
class Foo extends HTMLElement {
}
</script>
<script src="foo.js"></script>
<template>
  I'm foo.html!
</template>
