<base href="/">

<link rel="import" href="./foo.html">

<div>hello world</div>

<script>
  (function () {
    alert('index IIFE');
  })();
</script>
  