{
  "entrypoint": "index.html",
  "fragments": [],
  "sources": [
    "src/**/*",
    "index.html"
  ],
  "extraDependencies": [
    "bower_components/webcomponentsjs/*.js"
  ],
  "builds": [
    {
      "name": "foo"
    }
  ],
  "npm": true,
  "componentDir": "node_modules/",
  "moduleResolution": "node"
}
