<html><head><script>(function(a){function b(a){return j.typeof="function"===typeof Symbol&&"symbol"===typeof Symbol.iterator?b=function(a){return typeof a}:b=function(a){return a&&"function"===typeof Symbol&&a.constructor===Symbol&&a!==Symbol.prototype?"symbol":typeof a},b(a)}function c(a,b){for(var c,d=0;d<b.length;d++)c=b[d],c.enumerable=c.enumerable||!1,c.configurable=!0,"value"in c&&(c.writable=!0),Object.defineProperty(a,c.key,c)}function d(a,b){for(var c in b){var d=b[c];d.configurable=d.enumerable=!0,"value"in d&&(d.writable=!0),Object.defineProperty(a,c,d)}if(Object.getOwnPropertySymbols)for(var e=Object.getOwnPropertySymbols(b),f=0;f<e.length;f++){var g=e[f],d=b[g];d.configurable=d.enumerable=!0,"value"in d&&(d.writable=!0),Object.defineProperty(a,g,d)}return a}function e(a,b,c){return b in a?Object.defineProperty(a,b,{value:c,enumerable:!0,configurable:!0,writable:!0}):a[b]=c,a}function f(){return j.extends=f=Object.assign||function(a){for(var b,c=1;c<arguments.length;c++)for(var d in b=arguments[c],b)Object.prototype.hasOwnProperty.call(b,d)&&(a[d]=b[d]);return a},f.apply(this,arguments)}function g(a,b,c){null===a&&(a=Function.prototype);var d=Object.getOwnPropertyDescriptor(a,b);if(d===void 0){var e=Object.getPrototypeOf(a);return null===e?void 0:g(e,b,c)}if("value"in d)return d.value;var f=d.get;return void 0===f?void 0:f.call(c)}function h(a,b,c,d){var e=Object.getOwnPropertyDescriptor(a,b);if(e===void 0){var f=Object.getPrototypeOf(a);null!==f&&h(f,b,c,d)}else if("value"in e&&e.writable)e.value=c;else{var g=e.set;g!==void 0&&g.call(d,c)}return c}var j=a.babelHelpers={};j.typeof=b,j.classCallCheck=function(a,b){if(!(a instanceof b))throw new TypeError("Cannot call a class as a function")},j.createClass=function(a,b,d){return b&&c(a.prototype,b),d&&c(a,d),a},j.defineEnumerableProperties=d,j.defaults=function(a,b){for(var c=Object.getOwnPropertyNames(b),d=0;d<c.length;d++){var e=c[d],f=Object.getOwnPropertyDescriptor(b,e);f&&f.configurable&&a[e]===void 0&&Object.defineProperty(a,e,f)}return a},j.defineProperty=e,j.extends=f,j.get=g,j.inherits=function(a,b){if("function"!==typeof b&&null!==b)throw new TypeError("Super expression must either be null or a function");a.prototype=Object.create(b&&b.prototype,{constructor:{value:a,enumerable:!1,writable:!0,configurable:!0}}),b&&(Object.setPrototypeOf?Object.setPrototypeOf(a,b):a.__proto__=b)},j.instanceof=function(a,b){return null!=b&&"undefined"!==typeof Symbol&&b[Symbol.hasInstance]?b[Symbol.hasInstance](a):a instanceof b},j.newArrowCheck=function(a,b){if(a!==b)throw new TypeError("Cannot instantiate an arrow function")},j.objectDestructuringEmpty=function(a){if(null==a)throw new TypeError("Cannot destructure undefined")},j.objectWithoutProperties=function(a,b){if(null==a)return{};var c,d,e={},f=Object.keys(a);for(d=0;d<f.length;d++)c=f[d],0<=b.indexOf(c)||(e[c]=a[c]);if(Object.getOwnPropertySymbols){var g=Object.getOwnPropertySymbols(a);for(d=0;d<g.length;d++)c=g[d],!(0<=b.indexOf(c))&&Object.prototype.propertyIsEnumerable.call(a,c)&&(e[c]=a[c])}return e},j.possibleConstructorReturn=function(a,b){return b&&("object"===typeof b||"function"===typeof b)?b:j.assertThisInitialized(a)},j.set=h,j.taggedTemplateLiteral=function(a,b){return b||(b=a.slice(0)),Object.freeze(Object.defineProperties(a,{raw:{value:Object.freeze(b)}}))},j.temporalRef=function(a,b){if(a===j.temporalUndefined)throw new ReferenceError(b+" is not defined - temporal dead zone");else return a},j.temporalUndefined={},j.slicedToArray=function(a,b){return j.arrayWithHoles(a)||j.iterableToArrayLimit(a,b)||j.nonIterableRest()},j.toArray=function(a){return j.arrayWithHoles(a)||j.iterableToArray(a)||j.nonIterableRest()},j.toConsumableArray=function(a){return j.arrayWithoutHoles(a)||j.iterableToArray(a)||j.nonIterableSpread()}})("undefined"===typeof global?self:global);</script>
    <script>if (!window.customElements) { document.write('<!--'); }</script>
    <script type="text/javascript" src="webcomponentsjs/custom-elements-es5-adapter.js"></script>
    <!--! do not remove -->
<script>console.log('webcomponents-loader.js goes here');</script></head><body><div hidden="" by-polymer-bundler=""><link rel="lazy-import" href="bar.html"><template>I'm foo.html!</template><link rel="import" href="shared_bundle_1.html"></div><div>hello world</div><script>var Foo=function(a){function b(){return babelHelpers.classCallCheck(this,b),babelHelpers.possibleConstructorReturn(this,(b.__proto__||Object.getPrototypeOf(b)).apply(this,arguments))}return babelHelpers.inherits(b,a),b}(babelHelpers.wrapNativeSuper(HTMLElement));</script></body></html>