<html><head>
    <script type="module">
import { dep1 } from './node_modules/dep1/dep1.js';</script>
  </head>
  <body>

</body></html>
