{
  "entrypoint": "index.html",
  "fragments": [],
  "sources": [
    "src/**/*",
    "index.html"
  ],
  "extraDependencies": [
    "bower_components/webcomponentsjs/*.js"
  ],
  "builds": [
    {
      "name": "unbundled-uncompiled",
      "bundle": false,
      "js": {
        "compile": false,
        "minify": {
          "exclude": [
            "*.html*",
            "bar.js"
          ]
        }
      },
      "css": {
        "minify": false
      },
      "html": {
        "minify": false
      }
    },
    {
      "name": "bundled-compiled",
      "bundle": true,
      "js": {
        "compile": {
          "exclude": [
            "foo.js"
          ]
        },
        "minify": {
          "exclude": [
            "bar.js"
          ]
        }
      },
      "css": {
        "minify": true
      },
      "html": {
        "minify": true
      }
    }
  ]
}
