<base href="/">

<link rel="import" href="./foo.html">

<div>hello world</div>
