<div hidden="" by-polymer-bundler=""><!-- polymer code goes here --><dom-module id="my-element" assetpath="src/elements/">
  <template>
    <style>
      :host { background-image: url("src/elements/bg.png"); }
    </style>
  </template>
</dom-module><my-element></my-element>
</div>