<html><head>
    <script>var requirejs,require,define;(function(global,setTimeout){function commentReplace(e,r){return r||""}function isFunction(e){return"[object Function]"===ostring.call(e)}function isArray(e){return"[object Array]"===ostring.call(e)}function each(e,r){if(e){var n;for(n=0;n<e.length&&!(e[n]&&r(e[n],n,e));n+=1);}}function eachReverse(e,r){if(e){var n;for(n=e.length-1;-1<n&&!(e[n]&&r(e[n],n,e));n-=1);}}function hasProp(e,r){return hasOwn.call(e,r)}function getOwn(e,r){return hasProp(e,r)&&e[r]}function eachProp(e,r){for(var i in e)if(hasProp(e,i)&&r(e[i],i))break}function mixin(e,r,i,n){return r&&eachProp(r,function(r,t){(i||!hasProp(e,t))&&(!n||"object"!==typeof r||!r||isArray(r)||isFunction(r)||r instanceof RegExp?e[t]=r:(!e[t]&&(e[t]={}),mixin(e[t],r,i,n)))}),e}function bind(e,r){return function(){return r.apply(e,arguments)}}function scripts(){return document.getElementsByTagName("script")}function defaultOnError(e){throw e}function getGlobal(e){if(!e)return e;var r=global;return each(e.split("."),function(e){r=r[e]}),r}function makeError(r,i,n,t){var d=new Error(i+"\nhttp://requirejs.org/docs/errors.html#"+r);return d.requireType=r,d.requireModules=t,n&&(d.originalError=n),d}function newContext(e){function r(e){var r,i;for(r=0;r<e.length;r++)if(i=e[r],"."===i)e.splice(r,1),r-=1;else if(".."===i)if(0===r||1===r&&".."===e[2]||".."===e[r-1])continue;else 0<r&&(e.splice(r-1,2),r-=2)}function i(e,n,t){var d,a,o,p,i,s,l,u,m,c,f,g,h=n&&n.split("/"),x=v.map,b=x&&x["*"];if(e&&(e=e.split("/"),l=e.length-1,v.nodeIdCompat&&jsSuffixRegExp.test(e[l])&&(e[l]=e[l].replace(jsSuffixRegExp,"")),"."===e[0].charAt(0)&&h&&(g=h.slice(0,h.length-1),e=g.concat(e)),r(e),e=e.join("/")),t&&x&&(h||b)){o=e.split("/");outerLoop:for(p=o.length;0<p;p-=1){if(s=o.slice(0,p).join("/"),h)for(i=h.length;0<i;i-=1)if(a=getOwn(x,h.slice(0,i).join("/")),a&&(a=getOwn(a,s),a)){u=a,m=p;break outerLoop}!c&&b&&getOwn(b,s)&&(c=getOwn(b,s),f=p)}!u&&c&&(u=c,m=f),u&&(o.splice(0,m,u),e=o.join("/"))}return d=getOwn(v.pkgs,e),d?d:e}function n(e){isBrowser&&each(scripts(),function(r){if(r.getAttribute("data-requiremodule")===e&&r.getAttribute("data-requirecontext")===E.contextName)return r.parentNode.removeChild(r),!0})}function t(e){var r=getOwn(v.paths,e);if(r&&isArray(r)&&1<r.length)return r.shift(),E.require.undef(e),E.makeRequire(null,{skipMap:!0})([e]),!0}function d(e){var r,i=e?e.indexOf("!"):-1;return-1<i&&(r=e.substring(0,i),e=e.substring(i+1,e.length)),[r,e]}function a(e,r,n,t){var a,o,p,s,l=null,u=r?r.name:null,m=e,c=!0,f="";return e||(c=!1,e="_@r"+(U+=1)),s=d(e),l=s[0],e=s[1],l&&(l=i(l,u,t),o=getOwn(C,l)),e&&(l?n?f=e:o&&o.normalize?f=o.normalize(e,function(e){return i(e,u,t)}):f=-1===e.indexOf("!")?i(e,u,t):e:(f=i(e,u,t),s=d(f),l=s[0],f=s[1],n=!0,a=E.nameToUrl(f))),p=!l||o||n?"":"_unnormalized"+(D+=1),{prefix:l,name:f,parentMap:r,unnormalized:!!p,url:a,originalName:m,isDefine:c,id:(l?l+"!"+f:f)+p}}function o(e){var r=e.id,i=getOwn(y,r);return i||(i=y[r]=new E.Module(e)),i}function p(e,r,i){var n=e.id,t=getOwn(y,n);hasProp(C,n)&&(!t||t.defineEmitComplete)?"defined"===r&&i(C[n]):(t=o(e),t.error&&"error"===r?i(t.error):t.on(r,i))}function s(e,r){var i=e.requireModules,n=!1;r?r(e):(each(i,function(r){var i=getOwn(y,r);i&&(i.error=e,i.events.error&&(n=!0,i.emit("error",e)))}),!n&&req.onError(e))}function l(){globalDefQueue.length&&(each(globalDefQueue,function(e){var r=e[0];"string"===typeof r&&(E.defQueueMap[r]=!0),N.push(e)}),globalDefQueue=[])}function u(e){delete y[e],delete T[e]}function m(e,r,n){var i=e.map.id;e.error?e.emit("error",e.error):(r[i]=!0,each(e.depMaps,function(t,d){var i=t.id,a=getOwn(y,i);!a||e.depMatched[d]||n[i]||(getOwn(r,i)?(e.defineDep(d,C[i]),e.check()):m(a,r,n))}),n[i]=!0)}function c(){var e,r,i=1e3*v.waitSeconds,d=i&&E.startTime+i<new Date().getTime(),a=[],o=[],p=!1,l=!0;if(!b)return b=!0,eachProp(T,function(e){var i=e.map,s=i.id;if(e.enabled&&(i.isDefine||o.push(e),!e.error))if(!e.inited&&d)t(s)?(r=!0,p=!0):(a.push(s),n(s));else if(!e.inited&&e.fetched&&i.isDefine&&(p=!0,!i.prefix))return l=!1}),d&&a.length?(e=makeError("timeout","Load timeout for modules: ",null,a),e.contextName=E.contextName,s(e)):void(l&&each(o,function(e){m(e,{},{})}),(!d||r)&&p&&(isBrowser||isWebWorker)&&!q&&(q=setTimeout(function(){q=0,c()},50)),b=!1)}function f(e){hasProp(C,e[0])||o(a(e[0],null,!0)).init(e[1],e[2])}function g(e,r,i,n){e.detachEvent&&!isOpera?n&&e.detachEvent(n,r):e.removeEventListener(i,r,!1)}function h(e){var r=e.currentTarget||e.srcElement;return g(r,E.onScriptLoad,"load","onreadystatechange"),g(r,E.onScriptError,"error"),{node:r,id:r&&r.getAttribute("data-requiremodule")}}function x(){var e;for(l();N.length;){if(e=N.shift(),null===e[0])return s(makeError("mismatch","Mismatched anonymous define() module: "+e[e.length-1]));f(e)}E.defQueueMap={}}var b,M,E,k,q,v={waitSeconds:7,baseUrl:"./",paths:{},bundles:{},pkgs:{},shim:{},config:{}},y={},T={},S={},N=[],C={},j={},A={},U=1,D=1;return k={require:function(e){return e.require?e.require:e.require=E.makeRequire(e.map)},exports:function(e){if(e.usingExports=!0,e.map.isDefine)return e.exports?C[e.map.id]=e.exports:e.exports=C[e.map.id]={}},module:function(e){return e.module?e.module:e.module={id:e.map.id,uri:e.map.url,config:function(){return getOwn(v.config,e.map.id)||{}},exports:e.exports||(e.exports={})}}},M=function(e){this.events=getOwn(S,e.id)||{},this.map=e,this.shim=getOwn(v.shim,e.id),this.depExports=[],this.depMaps=[],this.depMatched=[],this.pluginMaps={},this.depCount=0},M.prototype={init:function(e,r,i,n){n=n||{},this.inited||(this.factory=r,i?this.on("error",i):this.events.error&&(i=bind(this,function(e){this.emit("error",e)})),this.depMaps=e&&e.slice(0),this.errback=i,this.inited=!0,this.ignore=n.ignore,n.enabled||this.enabled?this.enable():this.check())},defineDep:function(e,r){this.depMatched[e]||(this.depMatched[e]=!0,this.depCount-=1,this.depExports[e]=r)},fetch:function(){if(!this.fetched){this.fetched=!0,E.startTime=new Date().getTime();var e=this.map;return this.shim?void E.makeRequire(this.map,{enableBuildCallback:!0})(this.shim.deps||[],bind(this,function(){return e.prefix?this.callPlugin():this.load()})):e.prefix?this.callPlugin():this.load()}},load:function(){var e=this.map.url;j[e]||(j[e]=!0,E.load(this.map.id,e))},check:function(){if(this.enabled&&!this.enabling){var r,e,i=this.map.id,n=this.depExports,t=this.exports,d=this.factory;if(!this.inited)hasProp(E.defQueueMap,i)||this.fetch();else if(this.error)this.emit("error",this.error);else if(!this.defining){if(this.defining=!0,1>this.depCount&&!this.defined){if(isFunction(d)){if(this.events.error&&this.map.isDefine||req.onError!==defaultOnError)try{t=E.execCb(i,d,n,t)}catch(i){r=i}else t=E.execCb(i,d,n,t);if(this.map.isDefine&&void 0===t&&(e=this.module,e?t=e.exports:this.usingExports&&(t=this.exports)),r)return r.requireMap=this.map,r.requireModules=this.map.isDefine?[this.map.id]:null,r.requireType=this.map.isDefine?"define":"require",s(this.error=r)}else t=d;if(this.exports=t,this.map.isDefine&&!this.ignore&&(C[i]=t,req.onResourceLoad)){var a=[];each(this.depMaps,function(e){a.push(e.normalizedMap||e)}),req.onResourceLoad(E,this.map,a)}u(i),this.defined=!0}this.defining=!1,this.defined&&!this.defineEmitted&&(this.defineEmitted=!0,this.emit("defined",this.exports),this.defineEmitComplete=!0)}}},callPlugin:function(){var e=this.map,r=e.id,n=a(e.prefix);this.depMaps.push(n),p(n,"defined",bind(this,function(n){var t,d,l,m=getOwn(A,this.map.id),c=this.map.name,f=this.map.parentMap?this.map.parentMap.name:null,g=E.makeRequire(e.parentMap,{enableBuildCallback:!0});return this.map.unnormalized?(n.normalize&&(c=n.normalize(c,function(e){return i(e,f,!0)})||""),d=a(e.prefix+"!"+c,this.map.parentMap,!0),p(d,"defined",bind(this,function(e){this.map.normalizedMap=d,this.init([],function(){return e},null,{enabled:!0,ignore:!0})})),l=getOwn(y,d.id),void(l&&(this.depMaps.push(d),this.events.error&&l.on("error",bind(this,function(e){this.emit("error",e)})),l.enable()))):m?(this.map.url=E.nameToUrl(m),void this.load()):void(t=bind(this,function(e){this.init([],function(){return e},null,{enabled:!0})}),t.error=bind(this,function(e){this.inited=!0,this.error=e,e.requireModules=[r],eachProp(y,function(e){0===e.map.id.indexOf(r+"_unnormalized")&&u(e.map.id)}),s(e)}),t.fromText=bind(this,function(i,n){var d=e.name,p=a(d),l=useInteractive;n&&(i=n),l&&(useInteractive=!1),o(p),hasProp(v.config,r)&&(v.config[d]=v.config[r]);try{req.exec(i)}catch(i){return s(makeError("fromtexteval","fromText eval for "+r+" failed: "+i,i,[r]))}l&&(useInteractive=!0),this.depMaps.push(p),E.completeLoad(d),g([d],t)}),n.load(e.name,g,t,v))})),E.enable(n,this),this.pluginMaps[n.id]=n},enable:function(){T[this.map.id]=this,this.enabled=!0,this.enabling=!0,each(this.depMaps,bind(this,function(e,r){var i,n,t;if("string"===typeof e){if(e=a(e,this.map.isDefine?this.map:this.map.parentMap,!1,!this.skipMap),this.depMaps[r]=e,t=getOwn(k,e.id),t)return void(this.depExports[r]=t(this));this.depCount+=1,p(e,"defined",bind(this,function(e){this.undefed||(this.defineDep(r,e),this.check())})),this.errback?p(e,"error",bind(this,this.errback)):this.events.error&&p(e,"error",bind(this,function(e){this.emit("error",e)}))}i=e.id,n=y[i],hasProp(k,i)||!n||n.enabled||E.enable(e,this)})),eachProp(this.pluginMaps,bind(this,function(e){var r=getOwn(y,e.id);r&&!r.enabled&&E.enable(e,this)})),this.enabling=!1,this.check()},on:function(e,r){var i=this.events[e];i||(i=this.events[e]=[]),i.push(r)},emit:function(e,r){each(this.events[e],function(e){e(r)}),"error"===e&&delete this.events[e]}},E={config:v,contextName:e,registry:y,defined:C,urlFetched:j,defQueue:N,defQueueMap:{},Module:M,makeModuleMap:a,nextTick:req.nextTick,onError:s,configure:function(e){if(e.baseUrl&&"/"!==e.baseUrl.charAt(e.baseUrl.length-1)&&(e.baseUrl+="/"),"string"===typeof e.urlArgs){var r=e.urlArgs;e.urlArgs=function(e,i){return(-1===i.indexOf("?")?"?":"&")+r}}var i=v.shim,n={paths:!0,bundles:!0,config:!0,map:!0};eachProp(e,function(e,r){n[r]?(!v[r]&&(v[r]={}),mixin(v[r],e,!0,!0)):v[r]=e}),e.bundles&&eachProp(e.bundles,function(e,r){each(e,function(e){e!==r&&(A[e]=r)})}),e.shim&&(eachProp(e.shim,function(e,r){isArray(e)&&(e={deps:e}),(e.exports||e.init)&&!e.exportsFn&&(e.exportsFn=E.makeShimExports(e)),i[r]=e}),v.shim=i),e.packages&&each(e.packages,function(e){var r,i;e="string"===typeof e?{name:e}:e,i=e.name,r=e.location,r&&(v.paths[i]=e.location),v.pkgs[i]=e.name+"/"+(e.main||"main").replace(currDirRegExp,"").replace(jsSuffixRegExp,"")}),eachProp(y,function(e,r){e.inited||e.map.unnormalized||(e.map=a(r,null,!0))}),(e.deps||e.callback)&&E.require(e.deps||[],e.callback)},makeShimExports:function(e){return function(){var r;return e.init&&(r=e.init.apply(global,arguments)),r||e.exports&&getGlobal(e.exports)}},makeRequire:function(r,t){function d(i,n,p){var l,u,m;return(t.enableBuildCallback&&n&&isFunction(n)&&(n.__requireJsBuild=!0),"string"===typeof i)?isFunction(n)?s(makeError("requireargs","Invalid require call"),p):r&&hasProp(k,i)?k[i](y[r.id]):req.get?req.get(E,i,r,d):(u=a(i,r,!1,!0),l=u.id,hasProp(C,l)?C[l]:s(makeError("notloaded","Module name \""+l+"\" has not been loaded yet for context: "+e+(r?"":". Use require([])")))):(x(),E.nextTick(function(){x(),m=o(a(null,r)),m.skipMap=t.skipMap,m.init(i,n,p,{enabled:!0}),c()}),d)}return t=t||{},mixin(d,{isBrowser:isBrowser,toUrl:function(e){var n,t=e.lastIndexOf("."),d=e.split("/")[0];return-1!==t&&(!("."===d||".."===d)||1<t)&&(n=e.substring(t,e.length),e=e.substring(0,t)),E.nameToUrl(i(e,r&&r.id,!0),n,!0)},defined:function(e){return hasProp(C,a(e,r,!1,!0).id)},specified:function(e){return e=a(e,r,!1,!0).id,hasProp(C,e)||hasProp(y,e)}}),r||(d.undef=function(e){l();var i=a(e,r,!0),t=getOwn(y,e);t.undefed=!0,n(e),delete C[e],delete j[i.url],delete S[e],eachReverse(N,function(r,n){r[0]===e&&N.splice(n,1)}),delete E.defQueueMap[e],t&&(t.events.defined&&(S[e]=t.events),u(e))}),d},enable:function(e){var r=getOwn(y,e.id);r&&o(e).enable()},completeLoad:function(e){var r,i,n,d=getOwn(v.shim,e)||{},a=d.exports;for(l();N.length;){if(i=N.shift(),null===i[0]){if(i[0]=e,r)break;r=!0}else i[0]===e&&(r=!0);f(i)}if(E.defQueueMap={},n=getOwn(y,e),!r&&!hasProp(C,e)&&n&&!n.inited){if(v.enforceDefine&&(!a||!getGlobal(a)))return t(e)?void 0:s(makeError("nodefine","No define call for "+e,null,[e]));f([e,d.deps||[],d.exportsFn])}c()},nameToUrl:function(e,r,n){var t,d,a,i,o,p,s,l=getOwn(v.pkgs,e);if(l&&(e=l),s=getOwn(A,e),s)return E.nameToUrl(s,r,n);if(req.jsExtRegExp.test(e))o=e+(r||"");else{for(t=v.paths,d=e.split("/"),a=d.length;0<a;a-=1)if(i=d.slice(0,a).join("/"),p=getOwn(t,i),p){isArray(p)&&(p=p[0]),d.splice(0,a,p);break}o=d.join("/"),o+=r||(/^data\:|^blob\:|\?/.test(o)||n?"":".js"),o=("/"===o.charAt(0)||o.match(/^[\w\+\.\-]+:/)?"":v.baseUrl)+o}return v.urlArgs&&!/^blob\:/.test(o)?o+v.urlArgs(e,o):o},load:function(e,r){req.load(E,e,r)},execCb:function(e,r,i,n){return r.apply(n,i)},onScriptLoad:function(e){if("load"===e.type||readyRegExp.test((e.currentTarget||e.srcElement).readyState)){interactiveScript=null;var r=h(e);E.completeLoad(r.id)}},onScriptError:function(e){var r=h(e);if(!t(r.id)){var i=[];return eachProp(y,function(e,n){0!==n.indexOf("_@r")&&each(e.depMaps,function(e){if(e.id===r.id)return i.push(n),!0})}),s(makeError("scripterror","Script error for \""+r.id+(i.length?"\", needed by: "+i.join(", "):"\""),e,[r.id]))}}},E.require=E.makeRequire(),E}function getInteractiveScript(){return interactiveScript&&"interactive"===interactiveScript.readyState?interactiveScript:(eachReverse(scripts(),function(e){if("interactive"===e.readyState)return interactiveScript=e}),interactiveScript)}var req,s,head,baseElement,dataMain,src,interactiveScript,currentlyAddingScript,mainScript,subPath,version="2.3.5",commentRegExp=/\/\*[\s\S]*?\*\/|([^:"'=]|^)\/\/.*$/mg,cjsRequireRegExp=/[^.]\s*require\s*\(\s*["']([^'"\s]+)["']\s*\)/g,jsSuffixRegExp=/\.js$/,currDirRegExp=/^\.\//,op=Object.prototype,ostring=op.toString,hasOwn=op.hasOwnProperty,isBrowser=!!("undefined"!==typeof window&&"undefined"!==typeof navigator&&window.document),isWebWorker=!isBrowser&&"undefined"!==typeof importScripts,readyRegExp=isBrowser&&"PLAYSTATION 3"===navigator.platform?/^complete$/:/^(complete|loaded)$/,defContextName="_",isOpera="undefined"!==typeof opera&&"[object Opera]"===opera.toString(),contexts={},cfg={},globalDefQueue=[],useInteractive=!1;if("undefined"===typeof define){if("undefined"!==typeof requirejs){if(isFunction(requirejs))return;cfg=requirejs,requirejs=void 0}"undefined"===typeof require||isFunction(require)||(cfg=require,require=void 0),req=requirejs=function(e,r,i,n){var t,d,a="_";return isArray(e)||"string"===typeof e||(d=e,isArray(r)?(e=r,r=i,i=n):e=[]),d&&d.context&&(a=d.context),t=getOwn(contexts,a),t||(t=contexts[a]=req.s.newContext(a)),d&&t.configure(d),t.require(e,r,i)},req.config=function(e){return req(e)},req.nextTick="undefined"===typeof setTimeout?function(e){e()}:function(e){setTimeout(e,4)},require||(require=req),req.version="2.3.5",req.jsExtRegExp=/^\/|:|\?|\.js$/,req.isBrowser=isBrowser,s=req.s={contexts:contexts,newContext:newContext},req({}),each(["toUrl","undef","defined","specified"],function(e){req[e]=function(){var r=contexts._;return r.require[e].apply(r,arguments)}}),isBrowser&&(head=s.head=document.getElementsByTagName("head")[0],baseElement=document.getElementsByTagName("base")[0],baseElement&&(head=s.head=baseElement.parentNode)),req.onError=defaultOnError,req.createNode=function(e){var r=e.xhtml?document.createElementNS("http://www.w3.org/1999/xhtml","html:script"):document.createElement("script");return r.type=e.scriptType||"text/javascript",r.charset="utf-8",r.async=!0,r},req.load=function(r,i,n){var e,t=r&&r.config||{};if(isBrowser)return e=req.createNode(t,i,n),e.setAttribute("data-requirecontext",r.contextName),e.setAttribute("data-requiremodule",i),!e.attachEvent||e.attachEvent.toString&&0>e.attachEvent.toString().indexOf("[native code")||isOpera?(e.addEventListener("load",r.onScriptLoad,!1),e.addEventListener("error",r.onScriptError,!1)):(useInteractive=!0,e.attachEvent("onreadystatechange",r.onScriptLoad)),e.src=n,t.onNodeCreated&&t.onNodeCreated(e,t,i,n),currentlyAddingScript=e,baseElement?head.insertBefore(e,baseElement):head.appendChild(e),currentlyAddingScript=null,e;if(isWebWorker)try{setTimeout(function(){},0),importScripts(n),r.completeLoad(i)}catch(t){r.onError(makeError("importscripts","importScripts failed for "+i+" at "+n,t,[i]))}},isBrowser&&!cfg.skipDataMain&&eachReverse(scripts(),function(e){if(head||(head=e.parentNode),dataMain=e.getAttribute("data-main"),dataMain)return mainScript=dataMain,cfg.baseUrl||-1!==mainScript.indexOf("!")||(src=mainScript.split("/"),mainScript=src.pop(),subPath=src.length?src.join("/")+"/":"./",cfg.baseUrl=subPath),mainScript=mainScript.replace(jsSuffixRegExp,""),req.jsExtRegExp.test(mainScript)&&(mainScript=dataMain),cfg.deps=cfg.deps?cfg.deps.concat(mainScript):[mainScript],!0}),define=function(e,r,i){var n,t;"string"!==typeof e&&(i=r,r=e,e=null),isArray(r)||(i=r,r=null),!r&&isFunction(i)&&(r=[],i.length&&(i.toString().replace(commentRegExp,commentReplace).replace(cjsRequireRegExp,function(e,i){r.push(i)}),r=(1===i.length?["require"]:["require","exports","module"]).concat(r))),useInteractive&&(n=currentlyAddingScript||getInteractiveScript(),n&&(!e&&(e=n.getAttribute("data-requiremodule")),t=contexts[n.getAttribute("data-requirecontext")])),t?(t.defQueue.push([e,r,i]),t.defQueueMap[e]=!0):globalDefQueue.push([e,r,i])},define.amd={jQuery:!0},req.exec=function(text){return eval(text)},req(cfg)}})(this,"undefined"===typeof setTimeout?void 0:setTimeout);</script>
<script>define('polymer-build-generated-module-0', ['shared_bundle_1.js']);</script><script>require(['polymer-build-generated-module-0']);</script>
  </head>
  <body>

</body></html>