<html><head><template>I'm bar.html!</template></head><body><div hidden="" by-polymer-bundler=""><link rel="import" href="shared_bundle_1.html"></div></body></html>