<html><head><template>I'm baz.html!</template></head><body></body></html>