{
  "index.html": {
    "baz.html": {
      "type": "document",
      "weight": 1
    }
  }
}